\BOOKMARK [0][-]{chapter*.1}{\376\377\000A\000c\000k\000n\000o\000w\000l\000e\000d\000g\000m\000e\000n\000t}{}% 1
\BOOKMARK [0][-]{chapter*.2}{\376\377\000D\000e\000c\000l\000a\000r\000a\000t\000i\000o\000n\000\040\000o\000n\000\040\000t\000h\000e\000\040\000U\000s\000e\000\040\000o\000f\000\040\000A\000I\000-\000A\000s\000s\000i\000s\000t\000e\000d\000\040\000T\000e\000c\000h\000n\000o\000l\000o\000g\000i\000e\000s}{}% 2
\BOOKMARK [0][-]{chapter*.3}{\376\377\000A\000b\000s\000t\000r\000a\000c\000t}{}% 3
\BOOKMARK [0][-]{section*.5}{\376\377\000L\000i\000s\000t\000\040\000o\000f\000\040\000F\000i\000g\000u\000r\000e\000s}{}% 4
\BOOKMARK [0][-]{section*.7}{\376\377\000L\000i\000s\000t\000\040\000o\000f\000\040\000T\000a\000b\000l\000e\000s}{}% 5
\BOOKMARK [0][-]{chapter.1}{\376\377\000I\000n\000t\000r\000o\000d\000u\000c\000t\000i\000o\000n}{}% 6
\BOOKMARK [1][-]{section.1.1}{\376\377\000C\000o\000n\000t\000e\000x\000t\000\040\000a\000n\000d\000\040\000p\000r\000o\000b\000l\000e\000m\000\040\000s\000t\000a\000t\000e\000m\000e\000n\000t}{chapter.1}% 7
\BOOKMARK [2][-]{subsection.1.1.1}{\376\377\000C\000o\000n\000c\000r\000e\000t\000e\000\040\000b\000e\000h\000a\000v\000i\000o\000u\000r\000\040\000u\000n\000d\000e\000r\000\040\000h\000i\000g\000h\000\040\000t\000e\000m\000p\000e\000r\000a\000t\000u\000r\000e}{section.1.1}% 8
\BOOKMARK [2][-]{subsection.1.1.2}{\376\377\000T\000h\000e\000\040\000i\000n\000i\000t\000i\000a\000l\000\040\000h\000y\000d\000r\000o\000-\000c\000h\000e\000m\000i\000c\000a\000l\000\040\000s\000t\000a\000t\000e\000\040\000o\000f\000\040\000c\000o\000n\000c\000r\000e\000t\000e}{section.1.1}% 9
\BOOKMARK [2][-]{subsection.1.1.3}{\376\377\000L\000i\000m\000i\000t\000a\000t\000i\000o\000n\000s\000\040\000o\000f\000\040\000e\000x\000i\000s\000t\000i\000n\000g\000\040\000m\000o\000d\000e\000l\000s}{section.1.1}% 10
\BOOKMARK [1][-]{section.1.2}{\376\377\000O\000b\000j\000e\000c\000t\000i\000v\000e\000s\000\040\000a\000n\000d\000\040\000o\000u\000t\000l\000i\000n\000e\000\040\000o\000f\000\040\000t\000h\000e\000\040\000r\000e\000p\000o\000r\000t}{chapter.1}% 11
\BOOKMARK [1][-]{section.1.3}{\376\377\000R\000e\000s\000e\000a\000r\000c\000h\000\040\000e\000n\000v\000i\000r\000o\000m\000e\000n\000t\000\040\000a\000n\000d\000\040\000C\000o\000m\000p\000u\000t\000a\000t\000i\000o\000n\000a\000l\000\040\000t\000o\000o\000l\000s}{chapter.1}% 12
\BOOKMARK [0][-]{chapter.2}{\376\377\000T\000h\000e\000o\000r\000e\000t\000i\000c\000a\000l\000\040\000f\000r\000a\000m\000e\000w\000o\000r\000k}{}% 13
\BOOKMARK [1][-]{section.2.1}{\376\377\000T\000h\000e\000r\000m\000a\000l\000\040\000a\000n\000d\000\040\000h\000y\000d\000r\000i\000c\000\040\000p\000h\000e\000n\000o\000m\000e\000n\000a\000\040\000i\000n\000\040\000h\000e\000a\000t\000e\000d\000\040\000c\000o\000n\000c\000r\000e\000t\000e}{chapter.2}% 14
\BOOKMARK [1][-]{section.2.2}{\376\377\000S\000p\000a\000l\000l\000i\000n\000g\000\040\000m\000e\000c\000h\000a\000n\000i\000s\000m\000s}{chapter.2}% 15
\BOOKMARK [2][-]{subsection.2.2.1}{\376\377\000T\000h\000e\000r\000m\000a\000l\000-\000g\000r\000a\000d\000i\000e\000n\000t\000\040\000m\000e\000c\000h\000a\000n\000i\000s\000m}{section.2.2}% 16
\BOOKMARK [2][-]{subsection.2.2.2}{\376\377\000P\000o\000r\000e\000-\000p\000r\000e\000s\000s\000u\000r\000e\000\040\000m\000e\000c\000h\000a\000n\000i\000s\000m\000\040\000\050\000m\000o\000i\000s\000t\000u\000r\000e\000\040\000c\000l\000o\000g\000\051}{section.2.2}% 17
\BOOKMARK [2][-]{subsection.2.2.3}{\376\377\000C\000o\000m\000b\000i\000n\000e\000d\000\040\000m\000e\000c\000h\000a\000n\000i\000s\000m}{section.2.2}% 18
\BOOKMARK [1][-]{section.2.3}{\376\377\000T\000h\000e\000r\000m\000o\000-\000h\000y\000d\000r\000i\000c\000\040\000\050\000T\000H\000\051\000\040\000c\000o\000u\000p\000l\000e\000d\000\040\000m\000o\000d\000e\000l}{chapter.2}% 19
\BOOKMARK [2][-]{subsection.2.3.1}{\376\377\000T\000H\000\040\000c\000o\000u\000p\000l\000i\000n\000g\000\040\000m\000e\000c\000h\000a\000n\000i\000s\000m\000s}{section.2.3}% 20
\BOOKMARK [1][-]{section.2.4}{\376\377\000I\000m\000p\000r\0